// Jest Snapshot v1, https://goo.gl/fbAQLP

exports[`CommentFeedテスト snapshot test 1`] = `
Array [
  <InitLoad
    afterAddMember={[Function]}
  />,
  <div
    className=" border border-gray-300 min-w-3/4 h-full rounded-tr p-1 overflow-y-scroll overflow-x-hidden scrollDiv"
  >
    <div
      className="flex flex-col justify-end gap-1"
    >
      <div
        className="w-full pt-2 text-xs"
      >
        <div
          className="flex flex-row w-full justify-between pb-1"
        >
          <div
            className="inline-block py-1 px-2.5 leading-none text-center whitespace-nowrap align-baseline font-bold bg-gray-200 text-gray-700 rounded-full"
          >
            test_user1
          </div>
          <div
            className="text-slate-400"
          >
            2022/07/09 22:04
          </div>
        </div>
        <div
          className="ml-7 p-2 bg-green-200 text-sm balloon rounded-lg"
        >
          あああああ
        </div>
      </div>
      <div
        className="w-full pt-2 text-xs"
      >
        <div
          className="flex flex-row w-full justify-between pb-1"
        >
          <div
            className="inline-block py-1 px-2.5 leading-none text-center whitespace-nowrap align-baseline font-bold bg-gray-200 text-gray-700 rounded-full"
          >
            test_user2
          </div>
          <div
            className="text-slate-400"
          >
            2022/07/09 22:05
          </div>
        </div>
        <div
          className="ml-7 p-2 bg-green-200 text-sm balloon rounded-lg"
        >
          いいいいい
        </div>
      </div>
      <div
        className="w-full pt-2 text-xs"
      >
        <div
          className="flex flex-row w-full justify-between pb-1"
        >
          <div
            className="inline-block py-1 px-2.5 leading-none text-center whitespace-nowrap align-baseline font-bold bg-gray-200 text-gray-700 rounded-full"
          >
            test_user3
          </div>
          <div
            className="text-slate-400"
          >
            2022/07/09 22:06
          </div>
        </div>
        <div
          className="ml-7 p-2 bg-green-200 text-sm balloon rounded-lg"
        >
          ううううう
        </div>
      </div>
    </div>
    <div />
  </div>,
]
`;
