// Jest Snapshot v1, https://goo.gl/fbAQLP

exports[`CommentPanelテスト(leaveMember) snapshot test 1`] = `
<div
  className="w-full pt-2 text-xs"
>
  <div
    className="flex flex-row w-full justify-between pb-1"
  >
    <div>
      test_user
      が
      退室
      しました
    </div>
    <div
      className="text-slate-400"
    >
      2022/07/09 22:04
    </div>
  </div>
</div>
`;
